---
source: linera-views-derive/src/lib.rs
expression: pretty(generate_clonable_view_code(input))
---
impl linera_views::views::ClonableView<custom::path::to::ContextType> for TestView
where
    RegisterView<
        custom::path::to::ContextType,
        usize,
    >: ClonableView<custom::path::to::ContextType>,
    CollectionView<
        custom::path::to::ContextType,
        usize,
        RegisterView<custom::path::to::ContextType, usize>,
    >: ClonableView<custom::path::to::ContextType>,
    Self: Send + Sync,
{
    fn clone_unchecked(&mut self) -> Result<Self, linera_views::views::ViewError> {
        Ok(Self {
            register: self.register.clone_unchecked()?,
            collection: self.collection.clone_unchecked()?,
        })
    }
}
