---
source: linera-views-derive/src/lib.rs
expression: pretty(generate_save_delete_view_code(input))
---
#[async_trait::async_trait]
impl<MyParam> linera_views::views::RootView<CustomContext> for TestView<MyParam>
where
    MyParam: Send + Sync + 'static,
{
    async fn save(&mut self) -> Result<(), linera_views::views::ViewError> {
        use linera_views::{common::Context, batch::Batch, views::View};
        let mut batch = Batch::new();
        self.register.flush(&mut batch)?;
        self.collection.flush(&mut batch)?;
        self.context().write_batch(batch).await?;
        Ok(())
    }
}
