---
source: linera-views-derive/src/lib.rs
expression: pretty(generate_root_view_code(input))
---
impl<MyParam> linera_views::views::RootView<CustomContext> for TestView<MyParam>
where
    MyParam: Send + Sync + 'static,
    Self: Send + Sync,
{
    async fn save(&mut self) -> Result<(), linera_views::views::ViewError> {
        use linera_views::{
            context::Context, batch::Batch, store::WritableKeyValueStore as _,
            views::View,
        };
        #[cfg(not(target_arch = "wasm32"))]
        linera_views::metrics::increment_counter(
            &linera_views::metrics::SAVE_VIEW_COUNTER,
            stringify!(TestView),
            &self.context().base_key().bytes,
        );
        let mut batch = Batch::new();
        self.register.flush(&mut batch)?;
        self.collection.flush(&mut batch)?;
        if !batch.is_empty() {
            self.context().store().write_batch(batch).await?;
        }
        Ok(())
    }
}
