---
source: linera-views-derive/src/lib.rs
expression: pretty(generate_clonable_view_code(input))
---
impl<C> linera_views::views::ClonableView<C> for TestView<C>
where
    C: linera_views::common::Context + Send + Sync + Clone + 'static,
    linera_views::views::ViewError: From<C::Error>,
{
    fn clone_unchecked(&mut self) -> Result<Self, linera_views::views::ViewError> {
        Ok(Self {
            register: self.register.clone_unchecked()?,
            collection: self.collection.clone_unchecked()?,
        })
    }
}
