---
source: linera-views-derive/src/lib.rs
expression: pretty(generate_crypto_hash_code(input))
---
#[async_trait::async_trait]
impl<MyParam> linera_views::views::CryptoHashView<custom::GenericContext<T>>
for TestView<MyParam>
where
    MyParam: Send + Sync + 'static,
{
    async fn crypto_hash(
        &self,
    ) -> Result<linera_base::crypto::CryptoHash, linera_views::views::ViewError> {
        use linera_base::crypto::{BcsHashable, CryptoHash};
        use linera_views::{
            batch::Batch, generic_array::GenericArray,
            sha3::{digest::OutputSizeUser, Sha3_256},
            views::HashableView,
        };
        use serde::{Serialize, Deserialize};
        #[derive(Serialize, Deserialize)]
        struct TestViewHash(GenericArray<u8, <Sha3_256 as OutputSizeUser>::OutputSize>);
        impl BcsHashable for TestViewHash {}
        let hash = self.hash().await?;
        Ok(CryptoHash::new(&TestViewHash(hash)))
    }
}
