---
source: linera-views-derive/src/lib.rs
expression: pretty(generate_hash_view_code(input))
---
impl<MyParam> linera_views::views::HashableView<custom::path::to::ContextType>
for TestView<MyParam>
where
    MyParam: Send + Sync + 'static,
    RegisterView<
        custom::path::to::ContextType,
        usize,
    >: linera_views::views::HashableView<custom::path::to::ContextType>,
    CollectionView<
        custom::path::to::ContextType,
        usize,
        RegisterView<custom::path::to::ContextType, usize>,
    >: linera_views::views::HashableView<custom::path::to::ContextType>,
    Self: Send + Sync,
{
    type Hasher = linera_views::sha3::Sha3_256;
    async fn hash_mut(
        &mut self,
    ) -> Result<
        <Self::Hasher as linera_views::views::Hasher>::Output,
        linera_views::views::ViewError,
    > {
        use linera_views::views::{Hasher, HashableView};
        use std::io::Write;
        let mut hasher = Self::Hasher::default();
        hasher.write_all(self.register.hash_mut().await?.as_ref())?;
        hasher.write_all(self.collection.hash_mut().await?.as_ref())?;
        Ok(hasher.finalize())
    }
    async fn hash(
        &self,
    ) -> Result<
        <Self::Hasher as linera_views::views::Hasher>::Output,
        linera_views::views::ViewError,
    > {
        use linera_views::views::{Hasher, HashableView};
        use std::io::Write;
        let mut hasher = Self::Hasher::default();
        hasher.write_all(self.register.hash().await?.as_ref())?;
        hasher.write_all(self.collection.hash().await?.as_ref())?;
        Ok(hasher.finalize())
    }
}
