---
source: linera-views-derive/src/lib.rs
expression: pretty(generate_clonable_view_code(input))
---
impl linera_views::views::ClonableView<custom::GenericContext<T>> for TestView {
    fn clone_unchecked(&mut self) -> Result<Self, linera_views::views::ViewError> {
        Ok(Self {
            register: self.register.clone_unchecked()?,
            collection: self.collection.clone_unchecked()?,
        })
    }
}
